
PROGRAM "C:\Users\csterba\OneDrive - Cal Poly\ME 305\Lab_3\Lab3_1.6\bin\Project.abs"

*********************************************************************************************
TARGET SECTION
---------------------------------------------------------------------------------------------
Processor   : Freescale HC12
Memory Model: SMALL
File Format : ELF\DWARF 2.0
Linker      : SmartLinker V-5.0.40 Build 10203, Jul 23 2010

*********************************************************************************************
FILE SECTION
---------------------------------------------------------------------------------------------
main.asm.o                              Model: SMALL,         Lang: Assembler
Lib_Delay.asm.o (ME305LIBV2.2.lib)      Model: SMALL,         Lang: Assembler
Lib_Encoder.asm.o (ME305LIBV2.2.lib)    Model: SMALL,         Lang: Assembler
Lib_Keypad.asm.o (ME305LIBV2.2.lib)     Model: SMALL,         Lang: Assembler
Lib_LCD.asm.o (ME305LIBV2.2.lib)        Model: SMALL,         Lang: Assembler
Lib_Startup.asm.o (ME305LIBV2.2.lib)    Model: SMALL,         Lang: Assembler

*********************************************************************************************
STARTUP SECTION
---------------------------------------------------------------------------------------------
Entry point: 0xC000 (Entry)

*********************************************************************************************
SECTION-ALLOCATION SECTION
Section Name                    Size  Type     From       To       Segment
---------------------------------------------------------------------------------------------
.init                            227     R     0xC000     0xC0E2   ROM_C000
.stack                          1024   R/W     0x2000     0x23FF   RAM
.data                             58   R/W     0x2400     0x2439   RAM
LIBRARY_RAM                       35   R/W     0x1000     0x1022   LIBRAM
MyCode                          2204     R     0x4000     0x489B   ROM_4000
Lib_Keypad                       117     R      0x800      0x874   EEPROM
Lib_Encoder                      177     R      0x875      0x925   EEPROM
Lib_LCD                          578     R      0x926      0xB67   EEPROM
Lib_Delay                         56     R      0xB68      0xB9F   EEPROM
main.asm__ORG00001                 2     R     0xFFFE     0xFFFF   .absSeg0
main.asm__ORG00002                 2     R     0xFFCE     0xFFCF   .absSeg1

Summary of section sizes per section type:
READ_ONLY (R):         D23 (dec:     3363)
READ_WRITE (R/W):      45D (dec:     1117)

*********************************************************************************************
VECTOR-ALLOCATION SECTION
    Address     InitValue   InitFunction
---------------------------------------------------------------------------------------------

*********************************************************************************************
OBJECT-ALLOCATION SECTION
     Name               Module                 Addr   hSize   dSize     Ref    Section   RLIB
---------------------------------------------------------------------------------------------
MODULE:                 -- main.asm.o --
- PROCEDURES:
     main                                      4000      18      24       1   MyCode      
     Loop                                      4018      1A      26       0   MyCode      
     TASK_1                                    4032      2B      43       1   MyCode      
     t1state0                                  405D      2B      43       0   MyCode      
     t1state1                                  4088      1E      30       0   MyCode      
     t1s1test                                  40A6      1C      28       0   MyCode      
     t1s1skip                                  40C2       1       1       0   MyCode      
     t1state2                                  40C3      2A      42       0   MyCode      
     SKIP_CHAR                                 40ED       1       1       0   MyCode      
     set_t1s3                                  40EE       C      12       0   MyCode      
     dontdisp                                  40FA       1       1       0   MyCode      
     set_t1s6                                  40FB       A      10       0   MyCode      
     dontdelete                                4105       1       1       0   MyCode      
     set_t1s7                                  4106       6       6       0   MyCode      
     F1key                                     410C      14      20       0   MyCode      
     Fkeyskip                                  4120       1       1       0   MyCode      
     F2key                                     4121      15      21       0   MyCode      
     t1state3                                  4136      22      34       0   MyCode      
     t1s3skip                                  4158       6       6       0   MyCode      
     t1state4                                  415E      19      25       0   MyCode      
     t1state4a                                 4177       B      11       0   MyCode      
     t1state4b                                 4182       B      11       0   MyCode      
     t1state4c                                 418D       B      11       0   MyCode      
     t1state4d                                 4198       1       1       0   MyCode      
     t1state5                                  4199      16      22       0   MyCode      
     t1s5done                                  41AF       6       6       0   MyCode      
     F1                                        41B5      19      25       0   MyCode      
     F2                                        41CE      19      25       0   MyCode      
     t1state6                                  41E7      21      33       0   MyCode      
     t1s6done                                  4208       8       8       0   MyCode      
     t1s6skip                                  4210       1       1       0   MyCode      
     t1state7                                  4211       C      12       0   MyCode      
     t1s7cont                                  421D      24      36       0   MyCode      
     t1s7skip                                  4241       6       6       0   MyCode      
     TDBerror                                  4247       E      14       0   MyCode      
     ZEROerror                                 4255       B      11       0   MyCode      
     NODIGerror                                4260       B      11       0   MyCode      
     F1_PRESSED                                426B      17      23       0   MyCode      
     F2_PRESSED                                4282      17      23       0   MyCode      
     TASK_2                                    4299       B      11       1   MyCode      
     t2state0                                  42A4       9       9       0   MyCode      
     t2state1                                  42AD      15      21       0   MyCode      
     exit_t2s1                                 42C2       1       1       0   MyCode      
     t2state2                                  42C3       A      10       0   MyCode      
     exit_t2s2                                 42CD       1       1       0   MyCode      
     TASK_3                                    42CE      45      69       1   MyCode      
     t3state0                                  4313      3B      59       0   MyCode      
     t3state1                                  434E      3D      61       0   MyCode      
     DIS_T1_MESS                               438B       6       6       0   MyCode      
     DIS_T2_MESS                               4391       6       6       0   MyCode      
     DIS_F1_MESS                               4397       6       6       0   MyCode      
     DIS_F2_MESS                               439D       6       6       0   MyCode      
     DIS_ERR1_MESS                             43A3       6       6       0   MyCode      
     DIS_ERR2_MESS                             43A9       6       6       0   MyCode      
     DIS_ERR3_MESS                             43AF       6       6       0   MyCode      
     DIS_BSPCE_MESS                            43B5       6       6       0   MyCode      
     DIS_CLRF1_MESS                            43BB       6       6       0   MyCode      
     DIS_CLRF2_MESS                            43C1       6       6       0   MyCode      
     DIS_ECHO_MESS                             43C7       6       6       0   MyCode      
     DIS_EDEL_MESS                             43CD       C      12       0   MyCode      
     t3state2                                  43D9      1A      26       0   MyCode      
     t3s2done                                  43F3       1       1       0   MyCode      
     t3state3                                  43F4      1A      26       0   MyCode      
     t3s3done                                  440E       1       1       0   MyCode      
     t3state4                                  440F      1A      26       0   MyCode      
     t3s4done                                  4429       1       1       0   MyCode      
     t3state5                                  442A      1A      26       0   MyCode      
     t3s5done                                  4444       1       1       0   MyCode      
     t3state6                                  4445      12      18       0   MyCode      
     t3s6F1                                    4457      1D      29       0   MyCode      
     t3s6done                                  4474       1       1       0   MyCode      
     t3state7                                  4475      12      18       0   MyCode      
     t3s7F1                                    4487      1D      29       0   MyCode      
     t3s7done                                  44A4       1       1       0   MyCode      
     t3state8                                  44A5      12      18       0   MyCode      
     t3s8F1                                    44B7      1D      29       0   MyCode      
     t3s8done                                  44D4       1       1       0   MyCode      
     t3state9                                  44D5      12      18       0   MyCode      
     cp2                                       44E7       F      15       0   MyCode      
     cp3                                       44F6      15      21       0   MyCode      
     t3state10                                 450B      1B      27       0   MyCode      
     t3s10skip                                 4526       1       1       0   MyCode      
     t3state11                                 4527      1B      27       0   MyCode      
     t3s11skip                                 4542       1       1       0   MyCode      
     t3state12                                 4543      16      22       0   MyCode      
     t3state13                                 4559       B      11       0   MyCode      
     t3s1done                                  4564       C      12       0   MyCode      
     dispchar                                  4570       C      12       9   MyCode      
     skip                                      457C       F      15       0   MyCode      
     done                                      458B       E      14       0   MyCode      
     TASK_4                                    4599      1F      31       1   MyCode      
     t4state0                                  45B8       E      14       0   MyCode      
     t4state1                                  45C6       A      10       0   MyCode      
     t4s1skip                                  45D0       1       1       0   MyCode      
     t4state2                                  45D1      13      19       0   MyCode      
     exit_t4s2                                 45E4       1       1       0   MyCode      
     t4state3                                  45E5      13      19       0   MyCode      
     exit_t4s3                                 45F8       1       1       0   MyCode      
     t4state4                                  45F9      13      19       0   MyCode      
     exit_t4s4                                 460C       1       1       0   MyCode      
     t4state5                                  460D      13      19       0   MyCode      
     exit_t4s5                                 4620       1       1       0   MyCode      
     t4state6                                  4621      13      19       0   MyCode      
     exit_t4s6                                 4634       1       1       0   MyCode      
     t4state7                                  4635      13      19       0   MyCode      
     exit_t4s7                                 4648       1       1       0   MyCode      
     t4reset                                   4649       6       6       0   MyCode      
     TASK_5                                    464F       9       9       1   MyCode      
     t5state0                                  4658      12      18       0   MyCode      
     t5state1                                  466A      13      19       0   MyCode      
     t5s1a                                     467D       B      11       0   MyCode      
     exit_t5s1                                 4688       1       1       0   MyCode      
     TASK_6                                    4689      1B      27       1   MyCode      
     t6state0                                  46A4       E      14       0   MyCode      
     t6state1                                  46B2       A      10       0   MyCode      
     t6s1skip                                  46BC       1       1       0   MyCode      
     t6state2                                  46BD      13      19       0   MyCode      
     exit_t6s2                                 46D0       1       1       0   MyCode      
     t6state3                                  46D1      13      19       0   MyCode      
     exit_t6s3                                 46E4       1       1       0   MyCode      
     t6state4                                  46E5      13      19       0   MyCode      
     exit_t6s4                                 46F8       1       1       0   MyCode      
     t6state5                                  46F9      13      19       0   MyCode      
     exit_t6s5                                 470C       1       1       0   MyCode      
     t6state6                                  470D      13      19       0   MyCode      
     exit_t6s6                                 4720       1       1       0   MyCode      
     t6state7                                  4721      13      19       0   MyCode      
     exit_t6s7                                 4734       1       1       0   MyCode      
     t6reset                                   4735       6       6       0   MyCode      
     TASK_7                                    473B       9       9       1   MyCode      
     t7state0                                  4744      12      18       0   MyCode      
     t7state1                                  4756      13      19       0   MyCode      
     t7s1a                                     4769       B      11       0   MyCode      
     exit_t7s1                                 4774       1       1       0   MyCode      
     TASK_8                                    4775       9       9       1   MyCode      
     t8state0                                  477E       6       6       0   MyCode      
     t8state1                                  4784       4       4       0   MyCode      
     DELAY_1ms                                 4788       3       3       1   MyCode      
     INNER                                     478B       8       8       0   MyCode      
     EXIT                                      4793       1       1       0   MyCode      
     ASC_BIN                                   4794      32      50       1   MyCode      
     CLP                                       4794       0       0       0   MyCode      
     TDB                                       47C6       6       6       0   MyCode      
     ZERO                                      47CC       6       6       0   MyCode      
     T1MESS                                    47D2       8       8       1   MyCode      
     T2MESS                                    47DA       8       8       1   MyCode      
     F1MESS                                    47E2      1B      27       1   MyCode      
     F2MESS                                    47FD      1B      27       1   MyCode      
     PROMPT                                    4818      21      33       2   MyCode      
     ERROR1                                    4839      21      33       1   MyCode      
     ERROR2                                    485A      21      33       1   MyCode      
     ERROR3                                    487B      21      33       1   MyCode      
- VARIABLES:
     CHAR_RDY                                  2400       1       1      10   .data       
     BUFFER                                    2401       5       5       4   .data       
     BUFFCOUNT                                 2406       1       1      12   .data       
     DSPCOUNT                                  2407       1       1       5   .data       
     DSPSTART                                  2408       1       1      13   .data       
     MESSFIN                                   2409       1       1      20   .data       
     F1_FLG                                    240A       1       1       5   .data       
     F2_FLG                                    240B       1       1       5   .data       
     BIN_RES                                   240C       2       2       8   .data       
     TICKS_1                                   240E       2       2       4   .data       
     TICKS_2                                   2410       2       2       3   .data       
     PAT1_DONE                                 2412       1       1      10   .data       
     PAT2_DONE                                 2413       1       1      10   .data       
     PAT1_COUNT                                2414       2       2       5   .data       
     PAT2_COUNT                                2416       2       2       5   .data       
     EDELCOUNT                                 2418       2       2       3   .data       
     T2_FLG                                    241A       1       1       5   .data       
     T1_FLG                                    241B       1       1       5   .data       
     F2ENTR_FLG                                241C       1       1      10   .data       
     ERR1_FLG                                  241D       1       1       4   .data       
     ERR2_FLG                                  241E       1       1       4   .data       
     ERR3_FLG                                  241F       1       1       4   .data       
     ECHO_FLG                                  2420       1       1       4   .data       
     TEMP                                      2421       1       1       6   .data       
     CLRF1_FLG                                 2422       1       1       5   .data       
     CLRF2_FLG                                 2423       1       1       5   .data       
     DELAY                                     2424       1       1       0   .data       
     ERR_FLG                                   2425       1       1       9   .data       
     KEY_BUFF                                  2426       1       1       5   .data       
     F1ENTR_FLG                                2427       1       1      13   .data       
     EDEL_FLG                                  2428       1       1       6   .data       
     COUNT                                     2429       1       1       0   .data       
     DPTR                                      242A       1       1       0   .data       
     BS_FLG                                    242B       1       1      10   .data       
     ACCINPUT                                  242C       1       1       5   .data       
     FKEYSTATE                                 242D       1       1       6   .data       
     PAT1_ON                                   242E       1       1      11   .data       
     PAT2_ON                                   242F       1       1      11   .data       
     T1S1RUN1                                  2430       1       1       4   .data       
     t1state                                   2431       1       1      19   .data       
     t2state                                   2432       1       1       5   .data       
     t3state                                   2433       1       1      19   .data       
     t4state                                   2434       1       1      11   .data       
     t5state                                   2435       1       1       3   .data       
     t6state                                   2436       1       1      11   .data       
     t7state                                   2437       1       1       3   .data       
     t8state                                   2438       1       1       3   .data       
     exit_t1s1                                 2439       1       1       0   .data       
     VAR00001                                  FFFE       2       2       0   .text       
     VAR00002                                  FFCE       2       2       0   .text       
MODULE:                 -- Lib_Delay.asm.o (ME305LIBV2.2.lib) --
- PROCEDURES:
     DELAY_MICRO                                B68       F      15       5   Lib_Delay   
     MICRO_Loop                                 B77       D      13       0   Lib_Delay   
     DELAY_MILLI                                B84       F      15       2   Lib_Delay   
     MILLI_Loop                                 B93       D      13       0   Lib_Delay   
- VARIABLES:
MODULE:                 -- Lib_Encoder.asm.o (ME305LIBV2.2.lib) --
- PROCEDURES:
     STARTUP_ENCODER                            875      51      81       0   Lib_Encoder 
     READ_ENCODER                               8C6      37      55       0   Lib_Encoder 
     DISABLE_ENCODER                            8FD      29      41       1   Lib_Encoder 
- VARIABLES:
MODULE:                 -- Lib_Keypad.asm.o (ME305LIBV2.2.lib) --
- PROCEDURES:
     INITKEY                                    800      35      53       1   Lib_Keypad  
     GETCHAR                                    835      10      16       1   Lib_Keypad  
     ISR_KEYPAD                                 845      1C      28       1   Lib_Keypad  
     VAR00001                                   861      14      20       1   Lib_Keypad  
- VARIABLES:
     KEYREADY                                  1000       1       1       0   LIBRARY_RAM 
     LCHARACTER                                1001       1       1       4   LIBRARY_RAM 
     LKEY_FLG                                  1002       1       1       4   LIBRARY_RAM 
MODULE:                 -- Lib_LCD.asm.o (ME305LIBV2.2.lib) --
- PROCEDURES:
     INITLCD                                    926      6F     111       1   Lib_LCD     
     LCD_RESET                                  995      19      25       3   Lib_LCD     
     LCD_WRITE                                  9AE      18      24       7   Lib_LCD     
     BF_TEST                                    9C6      14      20       0   Lib_LCD     
     LCD_READ                                   9DA      14      20       2   Lib_LCD     
     DISP_OFF                                   9EE       8       8       1   Lib_LCD     
     DISP_ON                                    9F6       8       8       1   Lib_LCD     
     CURSOR_ON                                  9FE       8       8       0   Lib_LCD     
     CURSOR_OFF                                 A06       1       1       0   Lib_LCD     
     SETADDR                                    A07       E      14      18   Lib_LCD     
     GETADDR                                    A15       C      12       2   Lib_LCD     
     CLRSCREEN                                  A21      1C      28       3   Lib_LCD     
     OUTCHAR_AT                                 A3D       3       3       0   Lib_LCD     
     OUTCHAR                                    A40       C      12       7   Lib_LCD     
     BS_HANDLE                                  A4C       C      12       0   Lib_LCD     
     OUTSTRING_AT                               A58       3       3       0   Lib_LCD     
     OUTSTRING                                  A5B       2       2      10   Lib_LCD     
     OUTLOOP                                    A5D       9       9       0   Lib_LCD     
     OUTEXIT                                    A66       3       3       0   Lib_LCD     
     LCDTEMPLATE                                A69      1E      30       0   Lib_LCD     
     UPDATELCD_L1                               A87      31      49       0   Lib_LCD     
     UPDATELCD_L2                               AB8      1B      27       0   Lib_LCD     
     INITMESS_L1                                AD3      27      39       1   Lib_LCD     
     INITMESS_L2                                AFA      28      40       1   Lib_LCD     
     LCDTEMPLATE_L1                             B22      29      41       1   Lib_LCD     
     LCDTEMPLATE_L2                             B4B      1D      29       1   Lib_LCD     
- VARIABLES:
     LVREF_BUF                                 1003       4       4       2   LIBRARY_RAM 
     LVREF_NULL                                1007       1       1       0   LIBRARY_RAM 
     LVACT_BUF                                 1008       4       4       2   LIBRARY_RAM 
     LVACT_NULL                                100C       1       1       0   LIBRARY_RAM 
     LERR_BUF                                  100D       4       4       2   LIBRARY_RAM 
     LERR_NULL                                 1011       1       1       0   LIBRARY_RAM 
     LEFF_BUF                                  1012       4       4       2   LIBRARY_RAM 
     LEFF_NULL                                 1016       1       1       0   LIBRARY_RAM 
     LKP_BUF                                   1017       5       5       2   LIBRARY_RAM 
     LKP_NULL                                  101C       1       1       0   LIBRARY_RAM 
     LKI_BUF                                   101D       5       5       2   LIBRARY_RAM 
     LKI_NULL                                  1022       1       1       0   LIBRARY_RAM 
MODULE:                 -- Lib_Startup.asm.o (ME305LIBV2.2.lib) --
- PROCEDURES:
     _Startup                                  C000      13      19       0   .init       
     Entry                                     C000       0       0       1   .init       
     STARTUP_PLL                               C013      20      32       1   .init       
     STARTUP_SPI0                              C033      45      69       1   .init       
     STARTUP_ATD1                              C078      1A      26       0   .init       
     STARTUP_PWM                               C092      1D      29       0   .init       
     STARTUP_IO                                C0AF      34      52       1   .init       
- VARIABLES:
- LABELS:
     __SEG_END_SSTACK                          2400       0       0       1               

*********************************************************************************************
MODULE STATISTIC
  Name                                      Data   Code  Const
---------------------------------------------------------------------------------------------
  main.asm.o                                  58   2204      4
  Lib_Delay.asm.o (ME305LIBV2.2.lib)           0     56      0
  Lib_Encoder.asm.o (ME305LIBV2.2.lib)         0    177      0
  Lib_Keypad.asm.o (ME305LIBV2.2.lib)          3    117      0
  Lib_LCD.asm.o (ME305LIBV2.2.lib)            32    578      0
  Lib_Startup.asm.o (ME305LIBV2.2.lib)         0    227      0
  other                                     1024      0      0

*********************************************************************************************
SECTION USE IN OBJECT-ALLOCATION SECTION
---------------------------------------------------------------------------------------------
SECTION: ".text"
  VAR00002 VAR00001 
SECTION: ".data"
  CHAR_RDY BUFFER BUFFCOUNT DSPCOUNT DSPSTART MESSFIN F1_FLG F2_FLG BIN_RES 
  TICKS_1 TICKS_2 PAT1_DONE PAT2_DONE PAT1_COUNT PAT2_COUNT EDELCOUNT T2_FLG 
  T1_FLG F2ENTR_FLG ERR1_FLG ERR2_FLG ERR3_FLG ECHO_FLG TEMP CLRF1_FLG 
  CLRF2_FLG DELAY ERR_FLG KEY_BUFF F1ENTR_FLG EDEL_FLG COUNT DPTR BS_FLG 
  ACCINPUT FKEYSTATE PAT1_ON PAT2_ON T1S1RUN1 t1state t2state t3state t4state 
  t5state t6state t7state t8state exit_t1s1 
SECTION: ".init"
  Entry _Startup STARTUP_PLL STARTUP_SPI0 STARTUP_ATD1 STARTUP_PWM STARTUP_IO 
SECTION: "LIBRARY_RAM"
  KEYREADY LCHARACTER LKEY_FLG LVREF_BUF LVREF_NULL LVACT_BUF LVACT_NULL 
  LERR_BUF LERR_NULL LEFF_BUF LEFF_NULL LKP_BUF LKP_NULL LKI_BUF LKI_NULL 
SECTION: "MyCode"
  main Loop TASK_1 t1state0 t1state1 t1s1test t1s1skip t1state2 SKIP_CHAR 
  set_t1s3 dontdisp set_t1s6 dontdelete set_t1s7 F1key Fkeyskip F2key t1state3 
  t1s3skip t1state4 t1state4a t1state4b t1state4c t1state4d t1state5 t1s5done 
  F1 F2 t1state6 t1s6done t1s6skip t1state7 t1s7cont t1s7skip TDBerror 
  ZEROerror NODIGerror F1_PRESSED F2_PRESSED TASK_2 t2state0 t2state1 exit_t2s1 
  t2state2 exit_t2s2 TASK_3 t3state0 t3state1 DIS_T1_MESS DIS_T2_MESS 
  DIS_F1_MESS DIS_F2_MESS DIS_ERR1_MESS DIS_ERR2_MESS DIS_ERR3_MESS 
  DIS_BSPCE_MESS DIS_CLRF1_MESS DIS_CLRF2_MESS DIS_ECHO_MESS DIS_EDEL_MESS 
  t3state2 t3s2done t3state3 t3s3done t3state4 t3s4done t3state5 t3s5done 
  t3state6 t3s6F1 t3s6done t3state7 t3s7F1 t3s7done t3state8 t3s8F1 t3s8done 
  t3state9 cp2 cp3 t3state10 t3s10skip t3state11 t3s11skip t3state12 t3state13 
  t3s1done dispchar skip done TASK_4 t4state0 t4state1 t4s1skip t4state2 
  exit_t4s2 t4state3 exit_t4s3 t4state4 exit_t4s4 t4state5 exit_t4s5 t4state6 
  exit_t4s6 t4state7 exit_t4s7 t4reset TASK_5 t5state0 t5state1 t5s1a exit_t5s1 
  TASK_6 t6state0 t6state1 t6s1skip t6state2 exit_t6s2 t6state3 exit_t6s3 
  t6state4 exit_t6s4 t6state5 exit_t6s5 t6state6 exit_t6s6 t6state7 exit_t6s7 
  t6reset TASK_7 t7state0 t7state1 t7s1a exit_t7s1 TASK_8 t8state0 t8state1 
  DELAY_1ms INNER EXIT CLP ASC_BIN TDB ZERO T1MESS T2MESS F1MESS F2MESS PROMPT 
  ERROR1 ERROR2 ERROR3 
SECTION: "Lib_Keypad"
  INITKEY GETCHAR ISR_KEYPAD VAR00001 
SECTION: "Lib_Encoder"
  STARTUP_ENCODER READ_ENCODER DISABLE_ENCODER 
SECTION: "Lib_LCD"
  INITLCD LCD_RESET LCD_WRITE BF_TEST LCD_READ DISP_OFF DISP_ON CURSOR_ON 
  CURSOR_OFF SETADDR GETADDR CLRSCREEN OUTCHAR_AT OUTCHAR BS_HANDLE 
  OUTSTRING_AT OUTSTRING OUTLOOP OUTEXIT LCDTEMPLATE UPDATELCD_L1 UPDATELCD_L2 
  INITMESS_L1 INITMESS_L2 LCDTEMPLATE_L1 LCDTEMPLATE_L2 
SECTION: "Lib_Delay"
  DELAY_MICRO MICRO_Loop DELAY_MILLI MILLI_Loop 

*********************************************************************************************
OBJECT LIST SORTED BY ADDRESS
     Name                                      Addr   hSize   dSize     Ref    Section   RLIB
---------------------------------------------------------------------------------------------
     INITKEY                                    800      35      53       1   Lib_Keypad  
     GETCHAR                                    835      10      16       1   Lib_Keypad  
     ISR_KEYPAD                                 845      1C      28       1   Lib_Keypad  
     VAR00001                                   861      14      20       1   Lib_Keypad  
     STARTUP_ENCODER                            875      51      81       0   Lib_Encoder 
     READ_ENCODER                               8C6      37      55       0   Lib_Encoder 
     DISABLE_ENCODER                            8FD      29      41       1   Lib_Encoder 
     INITLCD                                    926      6F     111       1   Lib_LCD     
     LCD_RESET                                  995      19      25       3   Lib_LCD     
     LCD_WRITE                                  9AE      18      24       7   Lib_LCD     
     BF_TEST                                    9C6      14      20       0   Lib_LCD     
     LCD_READ                                   9DA      14      20       2   Lib_LCD     
     DISP_OFF                                   9EE       8       8       1   Lib_LCD     
     DISP_ON                                    9F6       8       8       1   Lib_LCD     
     CURSOR_ON                                  9FE       8       8       0   Lib_LCD     
     CURSOR_OFF                                 A06       1       1       0   Lib_LCD     
     SETADDR                                    A07       E      14      18   Lib_LCD     
     GETADDR                                    A15       C      12       2   Lib_LCD     
     CLRSCREEN                                  A21      1C      28       3   Lib_LCD     
     OUTCHAR_AT                                 A3D       3       3       0   Lib_LCD     
     OUTCHAR                                    A40       C      12       7   Lib_LCD     
     BS_HANDLE                                  A4C       C      12       0   Lib_LCD     
     OUTSTRING_AT                               A58       3       3       0   Lib_LCD     
     OUTSTRING                                  A5B       2       2      10   Lib_LCD     
     OUTLOOP                                    A5D       9       9       0   Lib_LCD     
     OUTEXIT                                    A66       3       3       0   Lib_LCD     
     LCDTEMPLATE                                A69      1E      30       0   Lib_LCD     
     UPDATELCD_L1                               A87      31      49       0   Lib_LCD     
     UPDATELCD_L2                               AB8      1B      27       0   Lib_LCD     
     INITMESS_L1                                AD3      27      39       1   Lib_LCD     
     INITMESS_L2                                AFA      28      40       1   Lib_LCD     
     LCDTEMPLATE_L1                             B22      29      41       1   Lib_LCD     
     LCDTEMPLATE_L2                             B4B      1D      29       1   Lib_LCD     
     DELAY_MICRO                                B68       F      15       5   Lib_Delay   
     MICRO_Loop                                 B77       D      13       0   Lib_Delay   
     DELAY_MILLI                                B84       F      15       2   Lib_Delay   
     MILLI_Loop                                 B93       D      13       0   Lib_Delay   
     KEYREADY                                  1000       1       1       0   LIBRARY_RAM 
     LCHARACTER                                1001       1       1       4   LIBRARY_RAM 
     LKEY_FLG                                  1002       1       1       4   LIBRARY_RAM 
     LVREF_BUF                                 1003       4       4       2   LIBRARY_RAM 
     LVREF_NULL                                1007       1       1       0   LIBRARY_RAM 
     LVACT_BUF                                 1008       4       4       2   LIBRARY_RAM 
     LVACT_NULL                                100C       1       1       0   LIBRARY_RAM 
     LERR_BUF                                  100D       4       4       2   LIBRARY_RAM 
     LERR_NULL                                 1011       1       1       0   LIBRARY_RAM 
     LEFF_BUF                                  1012       4       4       2   LIBRARY_RAM 
     LEFF_NULL                                 1016       1       1       0   LIBRARY_RAM 
     LKP_BUF                                   1017       5       5       2   LIBRARY_RAM 
     LKP_NULL                                  101C       1       1       0   LIBRARY_RAM 
     LKI_BUF                                   101D       5       5       2   LIBRARY_RAM 
     LKI_NULL                                  1022       1       1       0   LIBRARY_RAM 
     CHAR_RDY                                  2400       1       1      10   .data       
     BUFFER                                    2401       5       5       4   .data       
     BUFFCOUNT                                 2406       1       1      12   .data       
     DSPCOUNT                                  2407       1       1       5   .data       
     DSPSTART                                  2408       1       1      13   .data       
     MESSFIN                                   2409       1       1      20   .data       
     F1_FLG                                    240A       1       1       5   .data       
     F2_FLG                                    240B       1       1       5   .data       
     BIN_RES                                   240C       2       2       8   .data       
     TICKS_1                                   240E       2       2       4   .data       
     TICKS_2                                   2410       2       2       3   .data       
     PAT1_DONE                                 2412       1       1      10   .data       
     PAT2_DONE                                 2413       1       1      10   .data       
     PAT1_COUNT                                2414       2       2       5   .data       
     PAT2_COUNT                                2416       2       2       5   .data       
     EDELCOUNT                                 2418       2       2       3   .data       
     T2_FLG                                    241A       1       1       5   .data       
     T1_FLG                                    241B       1       1       5   .data       
     F2ENTR_FLG                                241C       1       1      10   .data       
     ERR1_FLG                                  241D       1       1       4   .data       
     ERR2_FLG                                  241E       1       1       4   .data       
     ERR3_FLG                                  241F       1       1       4   .data       
     ECHO_FLG                                  2420       1       1       4   .data       
     TEMP                                      2421       1       1       6   .data       
     CLRF1_FLG                                 2422       1       1       5   .data       
     CLRF2_FLG                                 2423       1       1       5   .data       
     DELAY                                     2424       1       1       0   .data       
     ERR_FLG                                   2425       1       1       9   .data       
     KEY_BUFF                                  2426       1       1       5   .data       
     F1ENTR_FLG                                2427       1       1      13   .data       
     EDEL_FLG                                  2428       1       1       6   .data       
     COUNT                                     2429       1       1       0   .data       
     DPTR                                      242A       1       1       0   .data       
     BS_FLG                                    242B       1       1      10   .data       
     ACCINPUT                                  242C       1       1       5   .data       
     FKEYSTATE                                 242D       1       1       6   .data       
     PAT1_ON                                   242E       1       1      11   .data       
     PAT2_ON                                   242F       1       1      11   .data       
     T1S1RUN1                                  2430       1       1       4   .data       
     t1state                                   2431       1       1      19   .data       
     t2state                                   2432       1       1       5   .data       
     t3state                                   2433       1       1      19   .data       
     t4state                                   2434       1       1      11   .data       
     t5state                                   2435       1       1       3   .data       
     t6state                                   2436       1       1      11   .data       
     t7state                                   2437       1       1       3   .data       
     t8state                                   2438       1       1       3   .data       
     exit_t1s1                                 2439       1       1       0   .data       
     main                                      4000      18      24       1   MyCode      
     Loop                                      4018      1A      26       0   MyCode      
     TASK_1                                    4032      2B      43       1   MyCode      
     t1state0                                  405D      2B      43       0   MyCode      
     t1state1                                  4088      1E      30       0   MyCode      
     t1s1test                                  40A6      1C      28       0   MyCode      
     t1s1skip                                  40C2       1       1       0   MyCode      
     t1state2                                  40C3      2A      42       0   MyCode      
     SKIP_CHAR                                 40ED       1       1       0   MyCode      
     set_t1s3                                  40EE       C      12       0   MyCode      
     dontdisp                                  40FA       1       1       0   MyCode      
     set_t1s6                                  40FB       A      10       0   MyCode      
     dontdelete                                4105       1       1       0   MyCode      
     set_t1s7                                  4106       6       6       0   MyCode      
     F1key                                     410C      14      20       0   MyCode      
     Fkeyskip                                  4120       1       1       0   MyCode      
     F2key                                     4121      15      21       0   MyCode      
     t1state3                                  4136      22      34       0   MyCode      
     t1s3skip                                  4158       6       6       0   MyCode      
     t1state4                                  415E      19      25       0   MyCode      
     t1state4a                                 4177       B      11       0   MyCode      
     t1state4b                                 4182       B      11       0   MyCode      
     t1state4c                                 418D       B      11       0   MyCode      
     t1state4d                                 4198       1       1       0   MyCode      
     t1state5                                  4199      16      22       0   MyCode      
     t1s5done                                  41AF       6       6       0   MyCode      
     F1                                        41B5      19      25       0   MyCode      
     F2                                        41CE      19      25       0   MyCode      
     t1state6                                  41E7      21      33       0   MyCode      
     t1s6done                                  4208       8       8       0   MyCode      
     t1s6skip                                  4210       1       1       0   MyCode      
     t1state7                                  4211       C      12       0   MyCode      
     t1s7cont                                  421D      24      36       0   MyCode      
     t1s7skip                                  4241       6       6       0   MyCode      
     TDBerror                                  4247       E      14       0   MyCode      
     ZEROerror                                 4255       B      11       0   MyCode      
     NODIGerror                                4260       B      11       0   MyCode      
     F1_PRESSED                                426B      17      23       0   MyCode      
     F2_PRESSED                                4282      17      23       0   MyCode      
     TASK_2                                    4299       B      11       1   MyCode      
     t2state0                                  42A4       9       9       0   MyCode      
     t2state1                                  42AD      15      21       0   MyCode      
     exit_t2s1                                 42C2       1       1       0   MyCode      
     t2state2                                  42C3       A      10       0   MyCode      
     exit_t2s2                                 42CD       1       1       0   MyCode      
     TASK_3                                    42CE      45      69       1   MyCode      
     t3state0                                  4313      3B      59       0   MyCode      
     t3state1                                  434E      3D      61       0   MyCode      
     DIS_T1_MESS                               438B       6       6       0   MyCode      
     DIS_T2_MESS                               4391       6       6       0   MyCode      
     DIS_F1_MESS                               4397       6       6       0   MyCode      
     DIS_F2_MESS                               439D       6       6       0   MyCode      
     DIS_ERR1_MESS                             43A3       6       6       0   MyCode      
     DIS_ERR2_MESS                             43A9       6       6       0   MyCode      
     DIS_ERR3_MESS                             43AF       6       6       0   MyCode      
     DIS_BSPCE_MESS                            43B5       6       6       0   MyCode      
     DIS_CLRF1_MESS                            43BB       6       6       0   MyCode      
     DIS_CLRF2_MESS                            43C1       6       6       0   MyCode      
     DIS_ECHO_MESS                             43C7       6       6       0   MyCode      
     DIS_EDEL_MESS                             43CD       C      12       0   MyCode      
     t3state2                                  43D9      1A      26       0   MyCode      
     t3s2done                                  43F3       1       1       0   MyCode      
     t3state3                                  43F4      1A      26       0   MyCode      
     t3s3done                                  440E       1       1       0   MyCode      
     t3state4                                  440F      1A      26       0   MyCode      
     t3s4done                                  4429       1       1       0   MyCode      
     t3state5                                  442A      1A      26       0   MyCode      
     t3s5done                                  4444       1       1       0   MyCode      
     t3state6                                  4445      12      18       0   MyCode      
     t3s6F1                                    4457      1D      29       0   MyCode      
     t3s6done                                  4474       1       1       0   MyCode      
     t3state7                                  4475      12      18       0   MyCode      
     t3s7F1                                    4487      1D      29       0   MyCode      
     t3s7done                                  44A4       1       1       0   MyCode      
     t3state8                                  44A5      12      18       0   MyCode      
     t3s8F1                                    44B7      1D      29       0   MyCode      
     t3s8done                                  44D4       1       1       0   MyCode      
     t3state9                                  44D5      12      18       0   MyCode      
     cp2                                       44E7       F      15       0   MyCode      
     cp3                                       44F6      15      21       0   MyCode      
     t3state10                                 450B      1B      27       0   MyCode      
     t3s10skip                                 4526       1       1       0   MyCode      
     t3state11                                 4527      1B      27       0   MyCode      
     t3s11skip                                 4542       1       1       0   MyCode      
     t3state12                                 4543      16      22       0   MyCode      
     t3state13                                 4559       B      11       0   MyCode      
     t3s1done                                  4564       C      12       0   MyCode      
     dispchar                                  4570       C      12       9   MyCode      
     skip                                      457C       F      15       0   MyCode      
     done                                      458B       E      14       0   MyCode      
     TASK_4                                    4599      1F      31       1   MyCode      
     t4state0                                  45B8       E      14       0   MyCode      
     t4state1                                  45C6       A      10       0   MyCode      
     t4s1skip                                  45D0       1       1       0   MyCode      
     t4state2                                  45D1      13      19       0   MyCode      
     exit_t4s2                                 45E4       1       1       0   MyCode      
     t4state3                                  45E5      13      19       0   MyCode      
     exit_t4s3                                 45F8       1       1       0   MyCode      
     t4state4                                  45F9      13      19       0   MyCode      
     exit_t4s4                                 460C       1       1       0   MyCode      
     t4state5                                  460D      13      19       0   MyCode      
     exit_t4s5                                 4620       1       1       0   MyCode      
     t4state6                                  4621      13      19       0   MyCode      
     exit_t4s6                                 4634       1       1       0   MyCode      
     t4state7                                  4635      13      19       0   MyCode      
     exit_t4s7                                 4648       1       1       0   MyCode      
     t4reset                                   4649       6       6       0   MyCode      
     TASK_5                                    464F       9       9       1   MyCode      
     t5state0                                  4658      12      18       0   MyCode      
     t5state1                                  466A      13      19       0   MyCode      
     t5s1a                                     467D       B      11       0   MyCode      
     exit_t5s1                                 4688       1       1       0   MyCode      
     TASK_6                                    4689      1B      27       1   MyCode      
     t6state0                                  46A4       E      14       0   MyCode      
     t6state1                                  46B2       A      10       0   MyCode      
     t6s1skip                                  46BC       1       1       0   MyCode      
     t6state2                                  46BD      13      19       0   MyCode      
     exit_t6s2                                 46D0       1       1       0   MyCode      
     t6state3                                  46D1      13      19       0   MyCode      
     exit_t6s3                                 46E4       1       1       0   MyCode      
     t6state4                                  46E5      13      19       0   MyCode      
     exit_t6s4                                 46F8       1       1       0   MyCode      
     t6state5                                  46F9      13      19       0   MyCode      
     exit_t6s5                                 470C       1       1       0   MyCode      
     t6state6                                  470D      13      19       0   MyCode      
     exit_t6s6                                 4720       1       1       0   MyCode      
     t6state7                                  4721      13      19       0   MyCode      
     exit_t6s7                                 4734       1       1       0   MyCode      
     t6reset                                   4735       6       6       0   MyCode      
     TASK_7                                    473B       9       9       1   MyCode      
     t7state0                                  4744      12      18       0   MyCode      
     t7state1                                  4756      13      19       0   MyCode      
     t7s1a                                     4769       B      11       0   MyCode      
     exit_t7s1                                 4774       1       1       0   MyCode      
     TASK_8                                    4775       9       9       1   MyCode      
     t8state0                                  477E       6       6       0   MyCode      
     t8state1                                  4784       4       4       0   MyCode      
     DELAY_1ms                                 4788       3       3       1   MyCode      
     INNER                                     478B       8       8       0   MyCode      
     EXIT                                      4793       1       1       0   MyCode      
     CLP                                       4794       0       0       0   MyCode      
     ASC_BIN                                   4794      32      50       1   MyCode      
     TDB                                       47C6       6       6       0   MyCode      
     ZERO                                      47CC       6       6       0   MyCode      
     T1MESS                                    47D2       8       8       1   MyCode      
     T2MESS                                    47DA       8       8       1   MyCode      
     F1MESS                                    47E2      1B      27       1   MyCode      
     F2MESS                                    47FD      1B      27       1   MyCode      
     PROMPT                                    4818      21      33       2   MyCode      
     ERROR1                                    4839      21      33       1   MyCode      
     ERROR2                                    485A      21      33       1   MyCode      
     ERROR3                                    487B      21      33       1   MyCode      
     Entry                                     C000       0       0       1   .init       
     _Startup                                  C000      13      19       0   .init       
     STARTUP_PLL                               C013      20      32       1   .init       
     STARTUP_SPI0                              C033      45      69       1   .init       
     STARTUP_ATD1                              C078      1A      26       0   .init       
     STARTUP_PWM                               C092      1D      29       0   .init       
     STARTUP_IO                                C0AF      34      52       1   .init       
     VAR00002                                  FFCE       2       2       0   .text       
     VAR00001                                  FFFE       2       2       0   .text       

*********************************************************************************************
UNUSED-OBJECTS SECTION
---------------------------------------------------------------------------------------------

*********************************************************************************************
COPYDOWN SECTION
---------------------------------------------------------------------------------------------

*********************************************************************************************
OBJECT-DEPENDENCIES SECTION
---------------------------------------------------------------------------------------------
INITKEY                   USES LCHARACTER LKEY_FLG 
GETCHAR                   USES LCHARACTER LKEY_FLG 
ISR_KEYPAD                USES VAR00001 LCHARACTER LKEY_FLG 
INITLCD                   USES LVREF_BUF LVACT_BUF LERR_BUF LEFF_BUF LKI_BUF 
                                LKP_BUF LCD_RESET DELAY_MICRO LCD_WRITE DISP_OFF 
                                CLRSCREEN DISP_ON SETADDR INITMESS_L1 OUTSTRING 
                                INITMESS_L2 DELAY_MILLI 
BF_TEST                   USES LCD_READ DELAY_MICRO 
DISP_OFF                  USES LCD_WRITE 
DISP_ON                   USES LCD_WRITE 
CURSOR_ON                 USES LCD_WRITE 
SETADDR                   USES LCD_WRITE 
GETADDR                   USES LCD_READ 
CLRSCREEN                 USES LCD_WRITE GETADDR SETADDR OUTCHAR 
OUTCHAR_AT                USES SETADDR 
OUTCHAR                   USES LCD_WRITE 
BS_HANDLE                 USES GETADDR SETADDR 
OUTSTRING_AT              USES SETADDR 
OUTLOOP                   USES OUTCHAR 
LCDTEMPLATE               USES CLRSCREEN SETADDR LCDTEMPLATE_L1 OUTSTRING 
                                LCDTEMPLATE_L2 
UPDATELCD_L1              USES SETADDR LVREF_BUF OUTSTRING LVACT_BUF LERR_BUF 
                                LEFF_BUF 
UPDATELCD_L2              USES SETADDR LKP_BUF OUTSTRING LKI_BUF 
main                      USES t1state t2state t3state t4state t5state t6state 
                                t7state t8state 
Loop                      USES TASK_1 TASK_2 TASK_3 TASK_4 TASK_5 TASK_6 
                                TASK_7 TASK_8 
TASK_1                    USES t1state 
t1state0                  USES T1S1RUN1 CHAR_RDY KEY_BUFF ACCINPUT BUFFCOUNT 
                                ERR_FLG F1ENTR_FLG F2ENTR_FLG FKEYSTATE BIN_RES 
                                PAT1_ON PAT2_ON t1state 
t1state1                  USES T1S1RUN1 T1_FLG T2_FLG F1_FLG F2_FLG 
t1s1test                  USES T1_FLG T2_FLG F1_FLG F2_FLG T1S1RUN1 t1state 
t1state2                  USES CHAR_RDY KEY_BUFF 
set_t1s3                  USES BUFFCOUNT t1state 
set_t1s6                  USES BUFFCOUNT t1state 
set_t1s7                  USES t1state 
F1key                     USES F2ENTR_FLG F1ENTR_FLG FKEYSTATE t1state 
F2key                     USES F1ENTR_FLG F2ENTR_FLG FKEYSTATE t1state 
t1state3                  USES KEY_BUFF ACCINPUT ECHO_FLG BUFFER BUFFCOUNT 
                                CHAR_RDY 
t1s3skip                  USES t1state 
t1state4                  USES ERR_FLG t1state 
t1state4a                 USES ERR3_FLG ERR_FLG 
t1state4b                 USES ERR2_FLG ERR_FLG 
t1state4c                 USES ERR1_FLG ERR_FLG 
t1state5                  USES FKEYSTATE CLRF1_FLG CLRF2_FLG 
t1s5done                  USES t1state 
F1                        USES CLRF1_FLG ACCINPUT F1ENTR_FLG PAT1_ON FKEYSTATE 
                                CHAR_RDY 
F2                        USES CLRF2_FLG ACCINPUT F2ENTR_FLG PAT2_ON FKEYSTATE 
                                CHAR_RDY 
t1state6                  USES BS_FLG BUFFER BUFFCOUNT 
t1s6done                  USES t1state BS_FLG 
t1state7                  USES F1ENTR_FLG F2ENTR_FLG 
t1s7cont                  USES BUFFER ACCINPUT BIN_RES BUFFCOUNT ASC_BIN 
                                F1ENTR_FLG F2ENTR_FLG 
t1s7skip                  USES t1state 
TDBerror                  USES t1state ERR_FLG BUFFCOUNT 
ZEROerror                 USES t1state ERR_FLG 
NODIGerror                USES t1state ERR_FLG 
F1_PRESSED                USES BIN_RES TICKS_1 PAT1_COUNT PAT1_ON F1ENTR_FLG 
                                t1state 
F2_PRESSED                USES BIN_RES TICKS_2 PAT2_COUNT PAT2_ON F2ENTR_FLG 
                                t1state 
TASK_2                    USES t2state 
t2state0                  USES INITKEY t2state 
t2state1                  USES LKEY_FLG GETCHAR KEY_BUFF CHAR_RDY t2state 
t2state2                  USES CHAR_RDY t2state 
TASK_3                    USES t3state 
t3state0                  USES INITLCD t3state T1_FLG T2_FLG F1_FLG F2_FLG 
                                CLRF1_FLG CLRF2_FLG ECHO_FLG ERR1_FLG ERR2_FLG ERR3_FLG 
                                BS_FLG EDEL_FLG MESSFIN DSPCOUNT BUFFCOUNT TEMP 
                                TICKS_1 
t3state1                  USES T1_FLG T2_FLG F1_FLG F2_FLG ERR1_FLG ERR2_FLG 
                                ERR3_FLG BS_FLG CLRF1_FLG CLRF2_FLG ECHO_FLG EDEL_FLG 
DIS_T1_MESS               USES t3state 
DIS_T2_MESS               USES t3state 
DIS_F1_MESS               USES t3state 
DIS_F2_MESS               USES t3state 
DIS_ERR1_MESS             USES t3state 
DIS_ERR2_MESS             USES t3state 
DIS_ERR3_MESS             USES t3state 
DIS_BSPCE_MESS            USES t3state 
DIS_CLRF1_MESS            USES t3state 
DIS_CLRF2_MESS            USES t3state 
DIS_ECHO_MESS             USES t3state 
DIS_EDEL_MESS             USES t3state EDELCOUNT 
t3state2                  USES T1MESS DSPSTART dispchar MESSFIN T1_FLG 
t3state3                  USES T2MESS DSPSTART dispchar MESSFIN T2_FLG 
t3state4                  USES F1MESS DSPSTART dispchar MESSFIN F1_FLG 
t3state5                  USES F2MESS DSPSTART dispchar MESSFIN F2_FLG 
t3state6                  USES ERROR1 DSPSTART F1ENTR_FLG 
t3s6F1                    USES dispchar MESSFIN ERR1_FLG EDEL_FLG F1ENTR_FLG 
                                F2ENTR_FLG 
t3state7                  USES ERROR2 DSPSTART F1ENTR_FLG 
t3s7F1                    USES dispchar MESSFIN ERR2_FLG EDEL_FLG F1ENTR_FLG 
                                F2ENTR_FLG 
t3state8                  USES ERROR3 DSPSTART F1ENTR_FLG 
t3s8F1                    USES dispchar MESSFIN ERR3_FLG EDEL_FLG F1ENTR_FLG 
                                F2ENTR_FLG 
t3state9                  USES BS_FLG OUTCHAR 
cp2                       USES OUTCHAR BS_FLG 
cp3                       USES OUTCHAR BS_FLG t3state CHAR_RDY 
t3state10                 USES PROMPT DSPSTART dispchar MESSFIN CLRF1_FLG 
                                SETADDR 
t3state11                 USES PROMPT DSPSTART dispchar MESSFIN CLRF2_FLG 
                                SETADDR 
t3state12                 USES BUFFER BUFFCOUNT OUTCHAR ECHO_FLG t3state 
t3state13                 USES EDELCOUNT 
t3s1done                  USES ERR_FLG EDEL_FLG t3state 
dispchar                  USES DSPCOUNT DSPSTART SETADDR 
skip                      USES DSPCOUNT OUTCHAR 
done                      USES MESSFIN t3state DSPCOUNT 
TASK_4                    USES t4state 
t4state0                  USES t4state 
t4state1                  USES PAT1_ON t4state 
t4state2                  USES PAT1_ON PAT1_DONE t4state 
t4state3                  USES PAT1_ON PAT1_DONE t4state 
t4state4                  USES PAT1_ON PAT1_DONE t4state 
t4state5                  USES PAT1_ON PAT1_DONE t4state 
t4state6                  USES PAT1_ON PAT1_DONE t4state 
t4state7                  USES PAT1_ON PAT1_DONE t4state 
t4reset                   USES t4state 
TASK_5                    USES t5state 
t5state0                  USES PAT1_DONE PAT1_COUNT TICKS_1 t5state 
t5state1                  USES PAT1_ON PAT1_DONE TICKS_1 PAT1_COUNT 
t5s1a                     USES PAT1_COUNT PAT1_DONE 
TASK_6                    USES t6state 
t6state0                  USES t6state 
t6state1                  USES PAT2_ON t6state 
t6state2                  USES PAT2_ON PAT2_DONE t6state 
t6state3                  USES PAT2_ON PAT2_DONE t6state 
t6state4                  USES PAT2_ON PAT2_DONE t6state 
t6state5                  USES PAT2_ON PAT2_DONE t6state 
t6state6                  USES PAT2_ON PAT2_DONE t6state 
t6state7                  USES PAT2_ON PAT2_DONE t6state 
t6reset                   USES t6state 
TASK_7                    USES t7state 
t7state0                  USES PAT2_DONE PAT2_COUNT TICKS_2 t7state 
t7state1                  USES PAT2_ON PAT2_DONE TICKS_2 PAT2_COUNT 
t7s1a                     USES PAT2_COUNT PAT2_DONE 
TASK_8                    USES t8state 
t8state0                  USES t8state 
t8state1                  USES DELAY_1ms 
ASC_BIN                   USES BIN_RES TEMP BUFFCOUNT 
TDB                       USES TEMP 
ZERO                      USES TEMP 
_Startup                  USES __SEG_END_SSTACK STARTUP_PLL STARTUP_IO 
                                STARTUP_SPI0 DISABLE_ENCODER main 
STARTUP_SPI0              USES DELAY_MILLI 
STARTUP_ATD1              USES DELAY_MICRO 

*********************************************************************************************
DEPENDENCY TREE
*********************************************************************************************
 main and _Startup Group
 | 
 +- main                
 |    
 +- Entry               
      
 _ORG00001           
 | 
 +- Entry                (see above)
    
 _ORG00002           
 | 
 +- ISR_KEYPAD          
    | 
    +- VAR00001            
         
*********************************************************************************************
STATISTIC SECTION
---------------------------------------------------------------------------------------------

ExeFile:
--------
Number of blocks to be downloaded: 8
Total size of all blocks to be downloaded: 3363

